
Memory Configuration

Name             Origin             Length             Attributes
*default*        0x0000000000000000 0xffffffffffffffff

Linker script and memory map

LOAD bin/kernel.o
LOAD bin/wrappers.o
                0x0000000000020000                phys = 0x20000
                0x0000000000020000                . = phys

.entry          0x0000000000020000       0x57
                0x0000000000020000                __entry_start = .
 *(.entry)
 .entry         0x0000000000020000       0x57 bin/kernel.o
                0x0000000000020000                main

.text           0x0000000000020060      0x591
                0x0000000000020060                __text_start = .
 *(.text)
 .text          0x0000000000020060      0x586 bin/kernel.o
                0x0000000000020060                memcmp
                0x00000000000200b0                memcpy
                0x00000000000200f0                memset
                0x0000000000020120                malloc
                0x0000000000020170                free
                0x00000000000201b0                putc
                0x00000000000202a0                ClrScr
                0x00000000000202e0                puts
                0x0000000000020320                putnum
                0x00000000000203e0                printf
                0x0000000000020570                ScrollScreen
 *fill*         0x00000000000205e6        0xa 
 .text          0x00000000000205f0        0x1 bin/wrappers.o
                0x00000000000205f0                LoadGDT

.data           0x00000000000205f4       0x12
                0x0000000000020608                __data_start = .
 *(.data)
 .data          0x00000000000205f4       0x12 bin/kernel.o
                0x00000000000205f4                g_Hex
                0x0000000000020605                CHAR_FOREGROUND

.rodata         0x0000000000020608       0x58
                0x0000000000020608                __data_start = .
 *(.rodata)
 .rodata        0x0000000000020608       0x58 bin/kernel.o

.rodata.str1.4  0x0000000000020660       0x2e
 .rodata.str1.4
                0x0000000000020660       0x2e bin/kernel.o

.bss            0x00000000000206a0      0x41c
                0x00000000000206a0                __bss_start = .
 *(.bss)
 .bss           0x00000000000206a0      0x41c bin/kernel.o
                0x00000000000206a0                CHAR_BACKGROUND
                0x00000000000206a4                CursorY
                0x00000000000206a8                CursorX
                0x00000000000206ac                MallocIndex
                0x00000000000206b0                MallocTableSize
                0x0000000000020abc                __end = .
OUTPUT(bin/kernel.bin binary)

.comment        0x0000000000000000       0x13
 .comment       0x0000000000000000       0x13 bin/kernel.o
